// Vitest Snapshot v1, https://vitest.dev/guide/snapshot.html

exports[`InspectorOverlay > should match with snapshot 1`] = `
<div>
  <script
    nonce=""
  >
    ((e,i,s,u,m,a,l,h)=&gt;{let d=document.documentElement,w=["light","dark"];function p(n){(Array.isArray(e)?e:[e]).forEach(y=&gt;{let k=y==="class",S=k&&a?m.map(f=&gt;a[f]||f):m;k?(d.classList.remove(...S),d.classList.add(a&&a[n]?a[n]:n)):d.setAttribute(y,n)}),R(n)}function R(n){h&&w.includes(n)&&(d.style.colorScheme=n)}function c(){return window.matchMedia("(prefers-color-scheme: dark)").matches?"dark":"light"}if(u)p(u);else try{let n=localStorage.getItem(i)||s,y=l&&n==="system"?c():n;p(y)}catch(n){}})("class","theme","system",null,["light","dark"],null,true,true)
  </script>
  <div
    class="css-79elbk"
  >
    <div
      class="css-kwi4bo"
      data-testid="overlay-border"
      style="position: absolute; top: 0px; left: 0px; right: 0px; bottom: 0px; z-index: 2; cursor: default; pointer-events: auto;"
    />
    <div
      class="css-vycisn"
    >
      <svg
        aria-hidden="true"
        class="lucide lucide-layers"
        fill="none"
        height="12"
        stroke="#007df0"
        stroke-linecap="round"
        stroke-linejoin="round"
        stroke-width="2"
        viewBox="0 0 24 24"
        width="12"
        xmlns="http://www.w3.org/2000/svg"
      >
        <path
          d="M12.83 2.18a2 2 0 0 0-1.66 0L2.6 6.08a1 1 0 0 0 0 1.83l8.58 3.91a2 2 0 0 0 1.66 0l8.58-3.9a1 1 0 0 0 0-1.83z"
        />
        <path
          d="M2 12a1 1 0 0 0 .58.91l8.6 3.91a2 2 0 0 0 1.65 0l8.58-3.9A1 1 0 0 0 22 12"
        />
        <path
          d="M2 17a1 1 0 0 0 .58.91l8.6 3.91a2 2 0 0 0 1.65 0l8.58-3.9A1 1 0 0 0 22 17"
        />
      </svg>
      <p
        class="css-1ti6hau"
      >
        Component Test
      </p>
    </div>
    <div
      class="css-rqgsqp"
    >
      <div>
        Test Content
      </div>
    </div>
  </div>
</div>
`;
