// Vitest Snapshot v1, https://vitest.dev/guide/snapshot.html

exports[`ListEditor > should match with snapshot 1`] = `
<div>
  <script
    nonce=""
  >
    ((e,i,s,u,m,a,l,h)=&gt;{let d=document.documentElement,w=["light","dark"];function p(n){(Array.isArray(e)?e:[e]).forEach(y=&gt;{let k=y==="class",S=k&&a?m.map(f=&gt;a[f]||f):m;k?(d.classList.remove(...S),d.classList.add(a&&a[n]?a[n]:n)):d.setAttribute(y,n)}),R(n)}function R(n){h&&w.includes(n)&&(d.style.colorScheme=n)}function c(){return window.matchMedia("(prefers-color-scheme: dark)").matches?"dark":"light"}if(u)p(u);else try{let n=localStorage.getItem(i)||s,y=l&&n==="system"?c():n;p(y)}catch(n){}})("class","theme","system",null,["light","dark"],null,true,true)
  </script>
  <div
    class="chakra-stack css-1qvcor1"
  >
    <div
      class="css-c1sqso"
    >
      <div
        class="chakra-field__root css-1h6z8ek"
        data-part="root"
        data-scope="field"
        id="field::«r0»"
        orientation="horizontal"
        role="group"
      >
        <label
          class="chakra-field__label css-84rnco"
          data-part="label"
          data-scope="field"
          for="«r0»"
          id="field::«r0»::label"
        >
          Id
        </label>
        <input
          class="chakra-input css-1yokl5a"
          data-part="input"
          data-scope="field"
          id="«r0»"
          value="1"
        />
      </div>
      <div
        class="chakra-field__root css-1h6z8ek"
        data-part="root"
        data-scope="field"
        id="field::«r1»"
        orientation="horizontal"
        role="group"
      >
        <label
          class="chakra-field__label css-84rnco"
          data-part="label"
          data-scope="field"
          for="«r1»"
          id="field::«r1»::label"
        >
          Label
        </label>
        <input
          class="chakra-input css-1yokl5a"
          data-part="input"
          data-scope="field"
          id="«r1»"
          value="Item 1"
        />
      </div>
      <span
        aria-orientation="horizontal"
        class="chakra-separator css-1b65dgi"
        role="separator"
      />
    </div>
    <button
      class="chakra-button css-1ocnt5x"
      type="button"
    >
      <svg
        aria-hidden="true"
        class="lucide lucide-plus"
        fill="none"
        height="24"
        stroke="currentColor"
        stroke-linecap="round"
        stroke-linejoin="round"
        stroke-width="2"
        viewBox="0 0 24 24"
        width="24"
        xmlns="http://www.w3.org/2000/svg"
      >
        <path
          d="M5 12h14"
        />
        <path
          d="M12 5v14"
        />
      </svg>
      Add Item
    </button>
  </div>
</div>
`;

exports[`ListEditor > should not crash if value is not an array 1`] = `
<div>
  <script
    nonce=""
  >
    ((e,i,s,u,m,a,l,h)=&gt;{let d=document.documentElement,w=["light","dark"];function p(n){(Array.isArray(e)?e:[e]).forEach(y=&gt;{let k=y==="class",S=k&&a?m.map(f=&gt;a[f]||f):m;k?(d.classList.remove(...S),d.classList.add(a&&a[n]?a[n]:n)):d.setAttribute(y,n)}),R(n)}function R(n){h&&w.includes(n)&&(d.style.colorScheme=n)}function c(){return window.matchMedia("(prefers-color-scheme: dark)").matches?"dark":"light"}if(u)p(u);else try{let n=localStorage.getItem(i)||s,y=l&&n==="system"?c():n;p(y)}catch(n){}})("class","theme","system",null,["light","dark"],null,true,true)
  </script>
</div>
`;
