// Vitest Snapshot v1, https://vitest.dev/guide/snapshot.html

exports[`TextEditor > should match with snapshot 1`] = `
<div>
  <script
    nonce=""
  >
    ((e,i,s,u,m,a,l,h)=&gt;{let d=document.documentElement,w=["light","dark"];function p(n){(Array.isArray(e)?e:[e]).forEach(y=&gt;{let k=y==="class",S=k&&a?m.map(f=&gt;a[f]||f):m;k?(d.classList.remove(...S),d.classList.add(a&&a[n]?a[n]:n)):d.setAttribute(y,n)}),R(n)}function R(n){h&&w.includes(n)&&(d.style.colorScheme=n)}function c(){return window.matchMedia("(prefers-color-scheme: dark)").matches?"dark":"light"}if(u)p(u);else try{let n=localStorage.getItem(i)||s,y=l&&n==="system"?c():n;p(y)}catch(n){}})("class","theme","system",null,["light","dark"],null,true,true)
  </script>
  <div
    class="css-n33ttv"
  >
    <div
      class="chakra-field__root css-1anu6qw"
      data-part="root"
      data-scope="field"
      id="field::«r0»"
      orientation="horizontal"
      role="group"
    >
      <label
        class="chakra-field__label css-84rnco"
        data-part="label"
        data-scope="field"
        for="«r0»"
        id="field::«r0»::label"
      >
        Title
      </label>
      <input
        class="chakra-input css-1hens3x"
        data-part="input"
        data-scope="field"
        id="«r0»"
        value="This is a text editor"
      />
    </div>
  </div>
</div>
`;
